2/17/2026, 5:23:39 PM CST 0: 

----------------------------------------------
2/17/2026, 5:23:39 PM CST 1: Discord starting: {"releaseChannel":"stable","version":"0.0.125"}, modulepath: /home/jcgomez91/.config/discord/0.0.125/modules
2/17/2026, 5:23:39 PM CST 2: ✅ webContents.created web1 "index.html"
2/17/2026, 5:23:39 PM CST 3: ✅ window.created win1 "discord"
2/17/2026, 5:23:39 PM CST 4: ✅ webContents.did-finish-load web1
2/17/2026, 5:23:54 PM CST 5: ✅ webContents.created web2 ""
2/17/2026, 5:23:54 PM CST 6: ✅ window.created win2 "Discord"
2/17/2026, 5:23:55 PM CST 7: ✅ webContents.did-finish-load web2
2/17/2026, 5:23:56 PM CST 8: window.close win1
2/17/2026, 5:23:56 PM CST 9: webContents.destroyed web1
2/17/2026, 5:23:56 PM CST 10: window.closed win1
2/17/2026, 5:26:44 PM CST 11: window.close win2
2/17/2026, 5:42:45 PM CST 0: 

----------------------------------------------
2/17/2026, 5:45:50 PM CST 12: window.close win2
2/17/2026, 6:22:32 PM CST 0: 

----------------------------------------------
2/17/2026, 6:23:15 PM CST 13: window.close win2
2/17/2026, 6:52:07 PM CST 0: 

----------------------------------------------
2/17/2026, 6:52:22 PM CST 14: window.close win2
2/17/2026, 7:17:02 PM CST 0: 

----------------------------------------------
2/17/2026, 7:17:28 PM CST 15: window.close win2
2/17/2026, 8:28:41 PM CST 16: before-quit
2/17/2026, 8:28:41 PM CST 17: window.close win2
2/17/2026, 10:44:47 PM CST 0: 

----------------------------------------------
2/17/2026, 10:44:47 PM CST 1: Discord starting: {"releaseChannel":"stable","version":"0.0.125"}, modulepath: /home/jcgomez91/.config/discord/0.0.125/modules
2/17/2026, 10:44:47 PM CST 2: ✅ webContents.created web1 ""
2/17/2026, 10:44:47 PM CST 3: ✅ window.created win1 "discord"
2/17/2026, 10:44:47 PM CST 4: ✅ webContents.did-finish-load web1
2/17/2026, 10:44:47 PM CST 5: ✅ webContents.created web2 ""
2/17/2026, 10:44:47 PM CST 6: ✅ window.created win2 "Discord"
2/17/2026, 10:44:48 PM CST 7: ✅ webContents.did-finish-load web2
2/17/2026, 10:44:49 PM CST 8: window.close win1
2/17/2026, 10:44:49 PM CST 9: webContents.destroyed web1
2/17/2026, 10:44:49 PM CST 10: window.closed win1
2/17/2026, 10:53:58 PM CST 11: before-quit
2/17/2026, 10:53:58 PM CST 12: window.close win2
2/18/2026, 3:38:37 PM CST 0: 

----------------------------------------------
2/18/2026, 3:38:37 PM CST 1: Discord starting: {"releaseChannel":"stable","version":"0.0.125"}, modulepath: /home/jcgomez91/.config/discord/0.0.125/modules
2/18/2026, 3:38:37 PM CST 2: ✅ webContents.created web1 ""
2/18/2026, 3:38:37 PM CST 3: ✅ window.created win1 "discord"
2/18/2026, 3:38:37 PM CST 4: ✅ webContents.did-finish-load web1
2/18/2026, 3:38:37 PM CST 5: ✅ webContents.created web2 ""
2/18/2026, 3:38:37 PM CST 6: ✅ window.created win2 "Discord"
2/18/2026, 3:38:39 PM CST 7: ✅ webContents.did-finish-load web2
2/18/2026, 3:38:39 PM CST 8: window.close win1
2/18/2026, 3:38:39 PM CST 9: webContents.destroyed web1
2/18/2026, 3:38:39 PM CST 10: window.closed win1
2/18/2026, 3:41:11 PM CST 11: window.close win2
2/18/2026, 4:07:34 PM CST 0: 

----------------------------------------------
2/18/2026, 4:09:25 PM CST 0: 

----------------------------------------------
2/18/2026, 4:15:18 PM CST 12: window.close win2
2/18/2026, 4:15:44 PM CST 13: before-quit
2/18/2026, 4:15:44 PM CST 14: window.close win2
2/18/2026, 6:45:32 PM CST 0: 

----------------------------------------------
2/18/2026, 6:45:32 PM CST 1: Discord starting: {"releaseChannel":"stable","version":"0.0.125"}, modulepath: /home/jcgomez91/.config/discord/0.0.125/modules
2/18/2026, 6:45:32 PM CST 2: ✅ webContents.created web1 ""
2/18/2026, 6:45:32 PM CST 3: ✅ window.created win1 "discord"
2/18/2026, 6:45:32 PM CST 4: ✅ webContents.did-finish-load web1
2/18/2026, 6:45:32 PM CST 5: ✅ webContents.created web2 ""
2/18/2026, 6:45:32 PM CST 6: ✅ window.created win2 "Discord"
2/18/2026, 6:45:33 PM CST 7: ✅ webContents.did-finish-load web2
2/18/2026, 6:45:34 PM CST 8: window.close win1
2/18/2026, 6:45:34 PM CST 9: webContents.destroyed web1
2/18/2026, 6:45:34 PM CST 10: window.closed win1
2/18/2026, 6:46:32 PM CST 11: window.close win2
2/18/2026, 7:27:27 PM CST 0: 

----------------------------------------------
2/18/2026, 7:27:27 PM CST 1: Discord starting: {"releaseChannel":"stable","version":"0.0.125"}, modulepath: /home/jcgomez91/.config/discord/0.0.125/modules
2/18/2026, 7:27:27 PM CST 2: ✅ webContents.created web1 ""
2/18/2026, 7:27:27 PM CST 3: ✅ window.created win1 "discord"
2/18/2026, 7:27:27 PM CST 4: ✅ webContents.did-finish-load web1
2/18/2026, 7:27:27 PM CST 5: ✅ webContents.created web2 ""
2/18/2026, 7:27:27 PM CST 6: ✅ window.created win2 "Discord"
2/18/2026, 7:27:28 PM CST 7: ✅ webContents.did-finish-load web2
2/18/2026, 7:27:29 PM CST 8: window.close win1
2/18/2026, 7:27:29 PM CST 9: webContents.destroyed web1
2/18/2026, 7:27:29 PM CST 10: window.closed win1
2/18/2026, 7:31:30 PM CST 11: window.close win2
2/18/2026, 9:05:06 PM CST 0: 

----------------------------------------------
2/18/2026, 9:10:00 PM CST 12: window.close win2
2/18/2026, 9:48:28 PM CST 0: 

----------------------------------------------
2/18/2026, 9:52:04 PM CST 13: window.close win2
2/18/2026, 10:38:01 PM CST 0: 

----------------------------------------------
2/18/2026, 10:38:23 PM CST 14: window.close win2
2/18/2026, 10:59:15 PM CST 15: before-quit
2/18/2026, 10:59:15 PM CST 16: window.close win2
2/19/2026, 6:54:17 AM CST 0: 

----------------------------------------------
2/19/2026, 6:54:17 AM CST 1: Discord starting: {"releaseChannel":"stable","version":"0.0.125"}, modulepath: /home/jcgomez91/.config/discord/0.0.125/modules
2/19/2026, 6:54:17 AM CST 2: ✅ webContents.created web1 ""
2/19/2026, 6:54:17 AM CST 3: ✅ window.created win1 "discord"
2/19/2026, 6:54:17 AM CST 4: ✅ webContents.did-finish-load web1
2/19/2026, 6:54:18 AM CST 5: ✅ webContents.created web2 ""
2/19/2026, 6:54:18 AM CST 6: ✅ window.created win2 "Discord"
2/19/2026, 6:54:18 AM CST 7: ✅ webContents.did-finish-load web2
2/19/2026, 6:54:19 AM CST 8: window.close win1
2/19/2026, 6:54:19 AM CST 9: webContents.destroyed web1
2/19/2026, 6:54:19 AM CST 10: window.closed win1
2/19/2026, 6:55:49 AM CST 11: window.close win2
2/19/2026, 6:59:09 AM CST 0: 

----------------------------------------------
2/19/2026, 7:00:31 AM CST 12: window.close win2
2/19/2026, 7:14:04 AM CST 0: 

----------------------------------------------
2/19/2026, 7:15:13 AM CST 13: window.close win2
2/19/2026, 7:18:05 AM CST 14: before-quit
