[2025-Dec-05 15:58:39.350 -06:00][14378:14378][info ] Logging initialized
[2025-Dec-07 11:22:27.500 -06:00][ 5966: 5966][info ] Logging initialized
[2025-Dec-07 14:07:59.552 -06:00][ 5468: 5468][info ] Logging initialized
[2025-Dec-19 08:45:41.895 -06:00][77404:77404][info ] Logging initialized
[2025-Dec-19 21:19:39.369 -06:00][59117:59117][info ] Logging initialized
[2025-Dec-21 17:15:27.237 -06:00][13035:13035][info ] Logging initialized
[2025-Dec-23 16:42:38.428 -06:00][ 6531: 6531][info ] Logging initialized
[2025-Dec-23 18:47:41.593 -06:00][22023:22023][info ] Logging initialized
[2025-Dec-24 10:23:25.900 -06:00][142941:142941][info ] Logging initialized
[2025-Dec-24 13:57:56.540 -06:00][ 3622: 3622][info ] Logging initialized
[2025-Dec-24 21:19:23.540 -06:00][ 2356: 2356][info ] Logging initialized
[2025-Dec-25 08:50:05.246 -06:00][11204:11204][info ] Logging initialized
[2025-Dec-25 16:31:27.612 -06:00][17136:17136][info ] Logging initialized
[2025-Dec-26 21:12:54.592 -06:00][10916:10916][info ] Logging initialized
[2025-Dec-26 23:08:36.443 -06:00][86898:86898][info ] Logging initialized
[2025-Dec-27 13:10:38.410 -06:00][100493:100493][info ] Logging initialized
[2025-Dec-29 19:31:50.841 -06:00][60101:60101][info ] Logging initialized
[2025-Dec-29 21:04:02.497 -06:00][25003:25003][info ] Logging initialized
[2025-Dec-30 10:08:23.191 -06:00][45256:45256][info ] Logging initialized
[2025-Dec-30 15:07:11.820 -06:00][41888:41888][info ] Logging initialized
[2025-Dec-31 19:33:50.496 -06:00][ 4929: 4929][info ] Logging initialized
[2025-Dec-31 20:23:42.810 -06:00][ 6313: 6313][info ] Logging initialized
[2026-Jan-01 07:58:34.591 -06:00][ 3065: 3065][info ] Logging initialized
[2026-Jan-01 08:52:08.589 -06:00][54083:54083][info ] Logging initialized
[2026-Jan-01 10:03:43.443 -06:00][73453:73453][info ] Logging initialized
[2026-Jan-01 12:00:23.979 -06:00][22122:22122][info ] Logging initialized
[2026-Jan-01 21:54:00.013 -06:00][111220:111220][info ] Logging initialized
[2026-Jan-04 12:27:39.165 -06:00][122803:122803][info ] Logging initialized
[2026-Jan-04 13:09:05.251 -06:00][23268:23268][info ] Logging initialized
[2026-Jan-04 16:19:14.335 -06:00][18027:18027][info ] Logging initialized
[2026-Jan-04 19:25:57.786 -06:00][91792:91792][info ] Logging initialized
[2026-Jan-04 22:26:36.692 -06:00][47127:47127][info ] Logging initialized
[2026-Jan-05 06:46:18.089 -06:00][13713:13713][info ] Logging initialized
[2026-Jan-06 07:04:32.639 -06:00][40822:40822][info ] Logging initialized
[2026-Jan-06 07:04:34.846 -06:00][40822:40822][info ] Logging initialized
[2026-Jan-07 13:29:59.072 -06:00][50437:50437][info ] Logging initialized
[2026-Jan-07 19:40:45.429 -06:00][125900:125900][info ] Logging initialized
[2026-Jan-07 21:08:49.048 -06:00][ 2275: 2275][info ] Logging initialized
[2026-Jan-08 09:48:55.261 -06:00][ 2197: 2197][info ] Logging initialized
[2026-Jan-08 13:44:33.415 -06:00][ 2372: 2372][info ] Logging initialized
[2026-Jan-08 16:43:30.273 -06:00][12176:12176][info ] Logging initialized
[2026-Jan-09 09:44:41.396 -06:00][98393:98393][info ] Logging initialized
[2026-Jan-09 16:35:19.843 -06:00][15255:15255][info ] Logging initialized
[2026-Jan-09 20:02:05.203 -06:00][28170:28170][info ] Logging initialized
[2026-Jan-10 14:15:22.121 -06:00][10793:10793][info ] Logging initialized
[2026-Jan-10 20:02:13.504 -06:00][279669:279669][info ] Logging initialized
[2026-Jan-11 09:47:16.748 -06:00][255067:255067][info ] Logging initialized
[2026-Jan-11 10:35:39.596 -06:00][53924:53924][info ] Logging initialized
[2026-Jan-11 15:05:52.962 -06:00][41021:41021][info ] Logging initialized
[2026-Jan-11 19:20:26.401 -06:00][45290:45290][info ] Logging initialized
[2026-Jan-12 07:21:34.882 -06:00][114241:114241][info ] Logging initialized
[2026-Jan-12 14:16:11.245 -06:00][32416:32416][info ] Logging initialized
[2026-Jan-12 20:17:36.244 -06:00][ 3954: 3954][info ] Logging initialized
[2026-Jan-13 06:38:21.770 -06:00][ 2279: 2279][info ] Logging initialized
[2026-Jan-13 18:02:19.244 -06:00][ 2809: 2809][info ] Logging initialized
[2026-Jan-14 07:47:29.493 -06:00][ 3384: 3384][info ] Logging initialized
[2026-Jan-15 06:35:44.894 -06:00][ 3073: 3073][info ] Logging initialized
[2026-Jan-18 14:32:48.009 -06:00][ 3571: 3571][info ] Logging initialized
[2026-Jan-18 18:03:17.308 -06:00][155982:155982][info ] Logging initialized
[2026-Jan-18 19:20:32.560 -06:00][10305:10305][info ] Logging initialized
[2026-Jan-20 07:20:31.535 -06:00][16277:16277][info ] Logging initialized
[2026-Jan-21 22:23:56.784 -06:00][217958:217958][info ] Logging initialized
[2026-Jan-22 06:38:28.861 -06:00][10367:10367][info ] Logging initialized
[2026-Jan-22 16:55:52.380 -06:00][124794:124794][info ] Logging initialized
[2026-Jan-22 20:27:32.592 -06:00][14359:14359][info ] Logging initialized
[2026-Jan-23 06:55:14.613 -06:00][67433:67433][info ] Logging initialized
[2026-Jan-23 09:46:22.943 -06:00][347632:347632][info ] Logging initialized
[2026-Jan-23 14:58:41.313 -06:00][37352:37352][info ] Logging initialized
[2026-Jan-23 23:01:18.663 -06:00][13609:13609][info ] Logging initialized
[2026-Jan-24 10:54:37.414 -06:00][ 6103: 6103][info ] Logging initialized
[2026-Jan-24 16:21:02.877 -06:00][ 3378: 3378][info ] Logging initialized
[2026-Jan-24 23:08:37.964 -06:00][12502:12502][info ] Logging initialized
[2026-Jan-25 07:05:40.977 -06:00][ 9586: 9586][info ] Logging initialized
[2026-Jan-25 12:41:09.873 -06:00][13688:13688][info ] Logging initialized
[2026-Jan-25 16:34:43.977 -06:00][10149:10149][info ] Logging initialized
[2026-Jan-25 19:31:14.634 -06:00][41846:41846][info ] Logging initialized
[2026-Jan-26 10:13:11.110 -06:00][58740:58740][info ] Logging initialized
[2026-Jan-26 17:28:45.533 -06:00][108641:108641][info ] Logging initialized
[2026-Jan-26 21:41:11.972 -06:00][93258:93258][info ] Logging initialized
[2026-Jan-28 08:29:53.157 -06:00][ 4385: 4385][info ] Logging initialized
[2026-Jan-28 16:41:58.226 -06:00][ 4861: 4861][info ] Logging initialized
[2026-Jan-29 11:42:56.277 -06:00][506186:506186][info ] Logging initialized
[2026-Jan-29 17:52:32.611 -06:00][253277:253277][info ] Logging initialized
[2026-Jan-29 22:50:37.451 -06:00][140623:140623][info ] Logging initialized
[2026-Jan-30 16:40:38.081 -06:00][ 7303: 7303][info ] Logging initialized
[2026-Jan-30 18:26:35.647 -06:00][24078:24078][info ] Logging initialized
[2026-Jan-31 09:03:12.737 -06:00][125492:125492][info ] Logging initialized
[2026-Jan-31 16:41:05.355 -06:00][ 2119: 2119][info ] Logging initialized
[2026-Feb-03 21:45:26.439 -06:00][16156:16156][info ] Logging initialized
[2026-Feb-04 09:22:42.704 -06:00][ 3246: 3246][info ] Logging initialized
[2026-Feb-04 11:41:10.138 -06:00][ 4453: 4453][info ] Logging initialized
[2026-Feb-04 13:00:26.909 -06:00][ 4029: 4029][info ] Logging initialized
[2026-Feb-04 14:56:54.952 -06:00][ 3513: 3513][info ] Logging initialized
[2026-Feb-04 16:37:55.240 -06:00][79571:79571][info ] Logging initialized
[2026-Feb-04 19:17:38.082 -06:00][ 5830: 5830][info ] Logging initialized
[2026-Feb-04 20:48:50.319 -06:00][61563:61563][info ] Logging initialized
[2026-Feb-05 08:04:05.325 -06:00][ 3581: 3581][info ] Logging initialized
[2026-Feb-05 16:28:31.163 -06:00][ 2091: 2091][info ] Logging initialized
[2026-Feb-05 18:13:21.204 -06:00][ 4098: 4098][info ] Logging initialized
[2026-Feb-05 19:57:39.009 -06:00][ 7353: 7353][info ] Logging initialized
[2026-Feb-06 14:31:50.024 -06:00][23645:23645][info ] Logging initialized
[2026-Feb-06 17:00:42.389 -06:00][21170:21170][info ] Logging initialized
[2026-Feb-06 19:02:04.224 -06:00][66966:66966][info ] Logging initialized
[2026-Feb-06 21:58:45.507 -06:00][73724:73724][info ] Logging initialized
[2026-Feb-06 23:15:06.885 -06:00][107902:107902][info ] Logging initialized
[2026-Feb-07 06:56:57.801 -06:00][ 2494: 2494][info ] Logging initialized
[2026-Feb-07 13:52:12.013 -06:00][ 4051: 4051][info ] Logging initialized
[2026-Feb-07 15:00:51.017 -06:00][95060:95060][info ] Logging initialized
[2026-Feb-07 17:42:09.750 -06:00][54422:54422][info ] Logging initialized
[2026-Feb-07 20:48:02.216 -06:00][ 2211: 2211][info ] Logging initialized
[2026-Feb-08 09:31:51.817 -06:00][384324:384324][info ] Logging initialized
[2026-Feb-08 11:29:01.787 -06:00][ 4503: 4503][info ] Logging initialized
[2026-Feb-08 13:08:38.438 -06:00][82659:82659][info ] Logging initialized
[2026-Feb-08 13:19:46.982 -06:00][ 6554: 6554][info ] Logging initialized
[2026-Feb-10 06:30:59.001 -06:00][39825:39825][info ] Logging initialized
[2026-Feb-10 16:32:27.025 -06:00][11943:11943][info ] Logging initialized
[2026-Feb-10 21:39:47.663 -06:00][23335:23335][info ] Logging initialized
[2026-Feb-11 17:02:54.440 -06:00][46670:46670][info ] Logging initialized
[2026-Feb-11 17:40:36.233 -06:00][18433:18433][info ] Logging initialized
[2026-Feb-11 18:35:13.753 -06:00][ 5530: 5530][info ] Logging initialized
[2026-Feb-11 21:59:23.167 -06:00][ 2260: 2260][info ] Logging initialized
[2026-Feb-12 06:44:31.595 -06:00][ 2021: 2021][info ] Logging initialized
[2026-Feb-12 12:23:40.322 -06:00][ 2852: 2852][info ] Logging initialized
[2026-Feb-12 17:05:44.257 -06:00][78635:78635][info ] Logging initialized
[2026-Feb-12 18:40:25.072 -06:00][15141:15141][info ] Logging initialized
[2026-Feb-12 21:11:36.815 -06:00][ 2148: 2148][info ] Logging initialized
[2026-Feb-13 06:31:52.891 -06:00][ 2365: 2365][info ] Logging initialized
[2026-Feb-13 09:27:37.457 -06:00][141206:141206][info ] Logging initialized
[2026-Feb-13 15:41:59.364 -06:00][ 8748: 8748][info ] Logging initialized
[2026-Feb-13 20:25:07.911 -06:00][ 4216: 4216][info ] Logging initialized
[2026-Feb-14 06:50:37.510 -06:00][ 3793: 3793][info ] Logging initialized
[2026-Feb-14 09:18:01.729 -06:00][225848:225848][info ] Logging initialized
[2026-Feb-14 09:28:19.966 -06:00][34971:34971][info ] Logging initialized
[2026-Feb-14 12:43:28.427 -06:00][ 2774: 2774][info ] Logging initialized
[2026-Feb-14 14:44:00.813 -06:00][55724:55724][info ] Logging initialized
[2026-Feb-14 20:04:43.713 -06:00][646018:646018][info ] Logging initialized
[2026-Feb-14 21:05:26.686 -06:00][40354:40354][info ] Logging initialized
[2026-Feb-15 15:28:45.884 -06:00][85317:85317][info ] Logging initialized
[2026-Feb-15 15:59:24.063 -06:00][20327:20327][info ] Logging initialized
[2026-Feb-15 19:03:25.167 -06:00][23283:23283][info ] Logging initialized
[2026-Feb-16 14:01:16.668 -06:00][ 3669: 3669][info ] Logging initialized
[2026-Feb-16 15:47:45.328 -06:00][34250:34250][info ] Logging initialized
[2026-Feb-16 16:33:46.242 -06:00][10782:10782][info ] Logging initialized
[2026-Feb-16 19:23:40.675 -06:00][105994:105994][info ] Logging initialized
[2026-Feb-16 22:08:33.317 -06:00][ 8826: 8826][info ] Logging initialized
[2026-Feb-17 06:27:11.670 -06:00][11334:11334][info ] Logging initialized
[2026-Feb-17 08:09:49.529 -06:00][ 6015: 6015][info ] Logging initialized
[2026-Feb-17 12:24:05.426 -06:00][336962:336962][info ] Logging initialized
[2026-Feb-17 17:23:55.931 -06:00][46499:46499][info ] Logging initialized
[2026-Feb-17 22:44:48.879 -06:00][317183:317183][info ] Logging initialized
[2026-Feb-18 15:38:39.369 -06:00][11299:11299][info ] Logging initialized
[2026-Feb-18 18:45:33.502 -06:00][98872:98872][info ] Logging initialized
[2026-Feb-18 19:27:28.797 -06:00][84424:84424][info ] Logging initialized
[2026-Feb-19 06:54:19.164 -06:00][149837:149837][info ] Logging initialized
[2026-Feb-19 11:43:50.896 -06:00][ 2553: 2553][info ] Logging initialized
[2026-Feb-19 16:33:01.970 -06:00][ 2981: 2981][info ] Logging initialized
[2026-Feb-19 22:09:21.260 -06:00][319891:319891][info ] Logging initialized
[2026-Feb-20 08:18:39.197 -06:00][15637:15637][info ] Logging initialized
[2026-Feb-20 10:47:15.298 -06:00][56746:56746][info ] Logging initialized
[2026-Feb-20 12:38:22.927 -06:00][92444:92444][info ] Logging initialized
[2026-Feb-20 17:00:23.810 -06:00][56402:56402][info ] Logging initialized
[2026-Feb-20 17:55:52.222 -06:00][36324:36324][info ] Logging initialized
[2026-Feb-20 20:02:19.925 -06:00][ 2415: 2415][info ] Logging initialized
