Handbrake Version: 20250906052339-dddf75f75-makepkg (2025092401)
[06:43:33] gtkgui: Preset: /General/HQ 720p30 Surround
[06:43:33] Starting work at: Thu Jan 22 06:43:33 2026

[06:43:33] 1 job(s) to process
[06:43:33] json job:
{
    "Audio": {
        "AudioList": [
            {
                "Bitrate": 160,
                "CompressionLevel": -1.0,
                "DRC": 0.0,
                "DitherMethod": "auto",
                "Encoder": "av_aac",
                "Gain": 0.0,
                "Mixdown": "stereo",
                "Name": "simple_aac_recording0",
                "NormalizeMixLevel": false,
                "PresetEncoder": "av_aac",
                "Quality": -3.0,
                "Samplerate": 0,
                "Track": 0
            },
            {
                "Bitrate": 640,
                "CompressionLevel": -1.0,
                "DRC": 0.0,
                "DitherMethod": "auto",
                "Encoder": "ac3",
                "Gain": 0.0,
                "Mixdown": "stereo",
                "Name": "simple_aac_recording0",
                "NormalizeMixLevel": false,
                "PresetEncoder": "copy:ac3",
                "Quality": -3.0,
                "Samplerate": 0,
                "Track": 0
            }
        ],
        "CopyMask": [
            "copy:aac",
            "copy:ac3"
        ],
        "FallbackEncoder": "av_aac"
    },
    "Destination": {
        "AlignAVStart": true,
        "ChapterList": [
            {
                "Duration": {
                    "Hours": 0,
                    "Minutes": 1,
                    "Seconds": 5,
                    "Ticks": 5851500
                },
                "Name": ""
            }
        ],
        "ChapterMarkers": false,
        "File": "/home/jcgomez91/Videos/2026-01-22 06-34-12.mp4",
        "InlineParameterSets": false,
        "Mux": "m4v",
        "Options": {
            "IpodAtom": false,
            "Optimize": false
        }
    },
    "Filters": {
        "FilterList": [
            {
                "ID": 4,
                "Settings": {
                    "block-height": "16",
                    "block-thresh": "40",
                    "block-width": "16",
                    "filter-mode": "2",
                    "mode": "3",
                    "motion-thresh": "1",
                    "spatial-metric": "2",
                    "spatial-thresh": "1"
                }
            },
            {
                "ID": 6,
                "Settings": {
                    "mode": "7"
                }
            },
            {
                "ID": 11,
                "Settings": {
                    "mode": 2,
                    "rate": "27000000/900000"
                }
            },
            {
                "ID": 20,
                "Settings": {
                    "crop-bottom": 82,
                    "crop-left": 150,
                    "crop-right": 58,
                    "crop-top": 48,
                    "height": 720,
                    "width": 1280
                }
            }
        ]
    },
    "Metadata": {
        "CreationTime": "2026-01-22T12:34:12.000000Z"
    },
    "PAR": {
        "Den": 10,
        "Num": 9
    },
    "SequenceID": 0,
    "Source": {
        "Angle": 0,
        "HWDecode": 0,
        "KeepDuplicateTitles": false,
        "Path": "/home/jcgomez91/2026-01-22 06-34-12.mp4",
        "Range": {
            "End": 1,
            "Start": 1,
            "Type": "chapter"
        },
        "Title": 1
    },
    "Subtitle": {
        "Search": {
            "Burn": true,
            "Default": false,
            "Enable": false,
            "Forced": false
        },
        "SubtitleList": []
    },
    "Video": {
        "AdapterIndex": -1,
        "AsyncDepth": 0,
        "ChromaLocation": 1,
        "ColorInputFormat": 0,
        "ColorMatrix": 1,
        "ColorOutputFormat": 0,
        "ColorPrimaries": 1,
        "ColorRange": 1,
        "ColorTransfer": 1,
        "Encoder": "x264",
        "HardwareDecode": 0,
        "Level": "3.1",
        "MultiPass": false,
        "Options": "",
        "PasshtruHDRDynamicMetadata": 6,
        "Preset": "slow",
        "Profile": "high",
        "Quality": 19.0,
        "Tune": "",
        "Turbo": false
    }
}
[06:43:33] CPU: AMD Ryzen 9 8945HS w/ Radeon 780M Graphics
[06:43:33]  - logical processor count: 16
[06:43:33] Intel Quick Sync Video support: no
[06:43:33] hb_scan: path=/home/jcgomez91/2026-01-22 06-34-12.mp4, title_index=1
Input #0, mov,mp4,m4a,3gp,3g2,mj2, from '/home/jcgomez91/2026-01-22 06-34-12.mp4':
  Metadata:
    major_brand     : iso4
    minor_version   : 0
    compatible_brands: iso4isomobs1iso2avc1mp41
    creation_time   : 2026-01-22T12:34:12.000000Z
    encoder         : OBS Studio (32.0.4)
  Duration: 00:01:05.02, start: 0.000000, bitrate: 1440 kb/s
  Stream #0:0[0x1](und): Video: h264 (High) (avc1 / 0x31637661), yuv420p(tv, bt709, progressive), 2048x1280 [SAR 1:1 DAR 8:5], 1235 kb/s, 60 fps, 60 tbr, 60 tbn (default)
      Metadata:
        creation_time   : 2026-01-22T12:34:12.000000Z
        handler_name    : OBS Video Handler
        vendor_id       : [0][0][0][0]
        encoder         : obs_x264
        title           : simple_video_recording
  Stream #0:1[0x2](und): Audio: aac (LC) (mp4a / 0x6134706D), 48000 Hz, stereo, fltp, 192 kb/s (default)
      Metadata:
        creation_time   : 2026-01-22T12:34:12.000000Z
        handler_name    : OBS Audio Handler
        vendor_id       : [0][0][0][0]
        title           : simple_aac_recording0
[06:43:33] scan: decoding previews for title 1
[06:43:33] scan: audio 0x1: aac, rate=48000Hz, bitrate=192000 Unknown (AAC LC, 2.0 ch, 192 kbps)
[06:43:34] using container PAR 1:1
[06:43:34] scan: 10 previews, 2048x1280, 60,000 fps, autocrop = 48/82/150/58, aspect 1,60:1, PAR 1:1, color profile: 1-1-1, chroma location: left
[06:43:34] libhb: scan thread found 1 valid title(s)
[06:43:34] Starting Task: Encoding Pass
[06:43:34] job configuration:
[06:43:34]  * source
[06:43:34]    + /home/jcgomez91/2026-01-22 06-34-12.mp4
[06:43:34]    + title 1, chapter(s) 1 to 1
[06:43:34]    + container: mov,mp4,m4a,3gp,3g2,mj2
[06:43:34]    + data rate: 1440 kbps
[06:43:34]  * destination
[06:43:34]    + /home/jcgomez91/Videos/2026-01-22 06-34-12.mp4
[06:43:34]    + container: MPEG-4 (libavformat)
[06:43:34]      + align initial A/V stream timestamps
[06:43:34]  * video track
[06:43:34]    + decoder: h264 8-bit (yuv420p)
[06:43:34]      + bitrate 1235 kbps
[06:43:34]    + filters
[06:43:34]      + Comb Detect (mode=3:spatial-metric=2:motion-thresh=1:spatial-thresh=1:filter-mode=2:block-thresh=40:block-width=16:block-height=16)
[06:43:34]      + Decomb (mode=39)
[06:43:34]      + Framerate Shaper (mode=2:rate=27000000/900000)
[06:43:34]        + frame rate: 60,000 fps -> peak rate limited to 30,000 fps
[06:43:34]      + Crop and Scale (width=1280:height=720:crop-top=48:crop-bottom=82:crop-left=150:crop-right=58)
[06:43:34]        + source: 2048 * 1280, crop (48/82/150/58): 1840 * 1150, scale: 1280 * 720
[06:43:34]    + Output geometry
[06:43:34]      + storage dimensions: 1280 x 720
[06:43:34]      + pixel aspect ratio: 9 : 10
[06:43:34]      + display dimensions: 1152 x 720
[06:43:34]    + encoder: H.264 (libx264)
[06:43:34]      + preset:  slow
[06:43:34]      + profile: high
[06:43:34]      + level:   3.1
[06:43:34]      + quality: 19,00 (RF)
[06:43:34]      + color profile: 1-1-1
[06:43:34]      + color range: tv
[06:43:34]      + chroma location: left
[06:43:34]  * audio track 1
[06:43:34]    + name: simple_aac_recording0
[06:43:34]    + decoder: Unknown (AAC LC, 2.0 ch, 192 kbps) (track 1, id 0x1)
[06:43:34]      + bitrate: 192 kbps, samplerate: 48000 Hz
[06:43:34]    + mixdown: Stereo
[06:43:34]    + encoder: AAC (libavcodec)
[06:43:34]      + bitrate: 160 kbps, samplerate: 48000 Hz
[06:43:34]  * audio track 2
[06:43:34]    + name: simple_aac_recording0
[06:43:34]    + decoder: Unknown (AAC LC, 2.0 ch, 192 kbps) (track 1, id 0x1)
[06:43:34]      + bitrate: 192 kbps, samplerate: 48000 Hz
[06:43:34]    + mixdown: Stereo
[06:43:34]    + encoder: AC3 (libavcodec)
[06:43:34]      + bitrate: 640 kbps, samplerate: 48000 Hz
[06:43:34] sync: expecting 3901 video frames
[06:43:34] encx264: min-keyint: 30, keyint: 300
[06:43:34] encx264: encoding at constant RF 19,000000
[06:43:34] encx264: unparsed options: level=3.1:ref=5:direct=auto:subme=8:trellis=2:vbv-bufsize=17500:vbv-maxrate=17500:rc-lookahead=50
x264 [info]: using SAR=9/10
x264 [info]: using cpu capabilities: MMX2 SSE2Fast SSSE3 SSE4.2 AVX FMA3 BMI2 AVX2 AVX512
x264 [info]: profile High, level 3.1, 4:2:0, 8-bit
[06:43:34] sync: first pts video is 0
[06:43:34] sync: Chapter 1 at frame 1 time 0
[06:43:34] sync: first pts audio 0x1 is 0
[06:43:34] sync: first pts audio 0x1 is 0
[06:43:51] reader: done. 1 scr changes
[06:43:51] work: average encoding speed for job is 226,635513 fps
[06:43:51] comb detect: heavy 13 | light 81 | uncombed 3807 | total 3901
[06:43:51] decomb: deinterlaced 13 | blended 81 | unfiltered 3807 | total 3901
[06:43:51] vfr: 1951 frames output, 1950 dropped and 0 duped for CFR/PFR
[06:43:51] vfr: lost time: 0 (0 frames)
[06:43:51] vfr: gained time: 0 (0 frames) (0 not accounted for)
[06:43:51] aac-decoder done: 3046 frames, 0 decoder errors
[06:43:51] aac-decoder done: 3046 frames, 0 decoder errors
[06:43:51] h264-decoder done: 3901 frames, 0 decoder errors
[06:43:51] sync: got 3901 frames, 3901 expected
[06:43:51] sync: framerate min 60,000 fps, max 60,000 fps, avg 60,000 fps
x264 [info]: frame I:19    Avg QP:14,10  size: 47465
x264 [info]: frame P:628   Avg QP:18,82  size:  9035
x264 [info]: frame B:1304  Avg QP:25,02  size:  1434
x264 [info]: consecutive B-frames:  7,1%  8,8%  7,8% 76,3%
x264 [info]: mb I  I16..4: 38,2% 38,9% 22,9%
x264 [info]: mb P  I16..4:  4,0%  5,5%  1,7%  P16..4:  8,5%  2,4%  1,6%  0,0%  0,0%    skip:76,3%
x264 [info]: mb B  I16..4:  0,5%  0,2%  0,1%  B16..8:  7,2%  1,2%  0,3%  direct: 0,8%  skip:89,8%  L0:41,7% L1:50,8% BI: 7,5%
x264 [info]: 8x8 transform intra:45,3% inter:38,4%
x264 [info]: direct mvs  spatial:99,1% temporal:0,9%
x264 [info]: coded y,uvDC,uvAC intra: 20,9% 21,4% 14,7% inter: 2,7% 2,3% 0,5%
x264 [info]: i16 v,h,dc,p: 48% 50%  1%  1%
x264 [info]: i8 v,h,dc,ddl,ddr,vr,hd,vl,hu: 42% 14% 30%  2%  2%  3%  2%  2%  2%
x264 [info]: i4 v,h,dc,ddl,ddr,vr,hd,vl,hu: 23% 30% 14%  5%  6%  5%  5%  4%  8%
x264 [info]: i8c dc,h,v,p: 70% 19% 10%  2%
x264 [info]: Weighted P-Frames: Y:4,6% UV:3,3%
x264 [info]: ref P L0: 72,5%  7,7% 12,3%  4,0%  3,0%  0,5%  0,0%
x264 [info]: ref B L0: 78,8% 16,6%  3,5%  1,0%
x264 [info]: ref B L1: 96,2%  3,8%
x264 [info]: kb/s:1039,00
[06:43:51] mux: track 0, 1951 frames, 8445436 bytes, 1038,37 kbps, fifo 2048
[06:43:51] mux: track 1, 3047 frames, 18486 bytes, 2,27 kbps, fifo 4096
[06:43:51] mux: track 2, 2030 frames, 5196800 bytes, 638,95 kbps, fifo 2048
[06:43:51] Finished work at: Thu Jan 22 06:43:51 2026

[06:43:51] libhb: work result = 0
