Handbrake Version: 20250906052339-dddf75f75-makepkg (2025092401)
[07:19:10] gtkgui: Preset: /General/Fast 1080p30
[07:19:10] Starting work at: Tue Jan 20 07:19:10 2026

[07:19:10] 1 job(s) to process
[07:19:10] json job:
{
    "Audio": {
        "AudioList": [],
        "CopyMask": [],
        "FallbackEncoder": 0
    },
    "Destination": {
        "AlignAVStart": true,
        "ChapterList": [
            {
                "Duration": {
                    "Hours": 0,
                    "Minutes": 0,
                    "Seconds": 23,
                    "Ticks": 2107386
                },
                "Name": ""
            }
        ],
        "ChapterMarkers": false,
        "File": "/home/jcgomez91/Videos/recording_2026-01-20_07.18.33 (1).mp4",
        "InlineParameterSets": false,
        "Mux": "m4v",
        "Options": {
            "IpodAtom": false,
            "Optimize": false
        }
    },
    "Filters": {
        "FilterList": [
            {
                "ID": 4,
                "Settings": {
                    "block-height": "16",
                    "block-thresh": "40",
                    "block-width": "16",
                    "filter-mode": "2",
                    "mode": "3",
                    "motion-thresh": "1",
                    "spatial-metric": "2",
                    "spatial-thresh": "1"
                }
            },
            {
                "ID": 6,
                "Settings": {
                    "mode": "7"
                }
            },
            {
                "ID": 11,
                "Settings": {
                    "mode": 2,
                    "rate": "27000000/900000"
                }
            },
            {
                "ID": 20,
                "Settings": {
                    "crop-bottom": 0,
                    "crop-left": 0,
                    "crop-right": 0,
                    "crop-top": 0,
                    "height": 342,
                    "width": 926
                }
            }
        ]
    },
    "Metadata": {},
    "PAR": {
        "Den": 1,
        "Num": 1
    },
    "SequenceID": 0,
    "Source": {
        "Angle": 0,
        "HWDecode": 0,
        "KeepDuplicateTitles": false,
        "Path": "/home/jcgomez91/Videos/recording_2026-01-20_07.18.33.mp4",
        "Range": {
            "End": 1,
            "Start": 1,
            "Type": "chapter"
        },
        "Title": 1
    },
    "Subtitle": {
        "Search": {
            "Burn": true,
            "Default": false,
            "Enable": false,
            "Forced": false
        },
        "SubtitleList": []
    },
    "Video": {
        "AdapterIndex": -1,
        "AsyncDepth": 0,
        "ChromaLocation": 1,
        "ColorInputFormat": 0,
        "ColorMatrix": 6,
        "ColorOutputFormat": 0,
        "ColorPrimaries": 6,
        "ColorRange": 1,
        "ColorTransfer": 1,
        "Encoder": "x264",
        "HardwareDecode": 0,
        "Level": "4.0",
        "MultiPass": false,
        "Options": "",
        "PasshtruHDRDynamicMetadata": 6,
        "Preset": "fast",
        "Profile": "main",
        "Quality": 22.0,
        "Tune": "",
        "Turbo": false
    }
}
[07:19:10] CPU: AMD Ryzen 9 8945HS w/ Radeon 780M Graphics
[07:19:10]  - logical processor count: 16
[07:19:10] Intel Quick Sync Video support: no
[07:19:10] hb_scan: path=/home/jcgomez91/Videos/recording_2026-01-20_07.18.33.mp4, title_index=1
Input #0, mov,mp4,m4a,3gp,3g2,mj2, from '/home/jcgomez91/Videos/recording_2026-01-20_07.18.33.mp4':
  Metadata:
    major_brand     : isom
    minor_version   : 512
    compatible_brands: isomiso2avc1mp41
    encoder         : Lavf62.3.100
  Duration: 00:00:23.42, start: 0.000000, bitrate: 271 kb/s
  Stream #0:0[0x1](und): Video: h264 (High) (avc1 / 0x31637661), yuvj420p(pc, progressive), 926x342 [SAR 1:1 DAR 463:171], 265 kb/s, 60,05 fps, 60 tbr, 90k tbn (default)
      Metadata:
        handler_name    : VideoHandler
        vendor_id       : [0][0][0][0]
[07:19:10] scan: decoding previews for title 1
[07:19:10] using container PAR 1:1
[07:19:10] scan: 10 previews, 926x342, 60,046 fps, autocrop = 0/0/0/0, aspect 2,71:1, PAR 1:1, color profile: 6-1-6, chroma location: left
[07:19:10] libhb: scan thread found 1 valid title(s)
[07:19:10] Starting Task: Encoding Pass
[07:19:10] work: skipping crop/scale filter
[07:19:10] job configuration:
[07:19:10]  * source
[07:19:10]    + /home/jcgomez91/Videos/recording_2026-01-20_07.18.33.mp4
[07:19:10]    + title 1, chapter(s) 1 to 1
[07:19:10]    + container: mov,mp4,m4a,3gp,3g2,mj2
[07:19:10]    + data rate: 271 kbps
[07:19:10]  * destination
[07:19:10]    + /home/jcgomez91/Videos/recording_2026-01-20_07.18.33 (1).mp4
[07:19:10]    + container: MPEG-4 (libavformat)
[07:19:10]      + align initial A/V stream timestamps
[07:19:10]  * video track
[07:19:10]    + decoder: h264 8-bit (yuv420p)
[07:19:10]      + bitrate 265 kbps
[07:19:10]    + filters
[07:19:10]      + Comb Detect (mode=3:spatial-metric=2:motion-thresh=1:spatial-thresh=1:filter-mode=2:block-thresh=40:block-width=16:block-height=16)
[07:19:10]      + Decomb (mode=39)
[07:19:10]      + Framerate Shaper (mode=2:rate=27000000/900000)
[07:19:10]        + frame rate: 60,046 fps -> peak rate limited to 30,000 fps
[07:19:10]    + Output geometry
[07:19:10]      + storage dimensions: 926 x 342
[07:19:10]      + pixel aspect ratio: 1 : 1
[07:19:10]      + display dimensions: 926 x 342
[07:19:10]    + encoder: H.264 (libx264)
[07:19:10]      + preset:  fast
[07:19:10]      + profile: main
[07:19:10]      + level:   4.0
[07:19:10]      + quality: 22,00 (RF)
[07:19:10]      + color profile: 6-1-6
[07:19:10]      + color range: tv
[07:19:10]      + chroma location: left
[07:19:10] sync: expecting 1406 video frames
[07:19:10] encx264: min-keyint: 30, keyint: 300
[07:19:10] encx264: encoding at constant RF 22,000000
[07:19:10] encx264: unparsed options: level=4.0:ref=2:8x8dct=0:weightp=1:subme=6:vbv-bufsize=25000:vbv-maxrate=20000:rc-lookahead=30
x264 [info]: using SAR=1/1
x264 [info]: using cpu capabilities: MMX2 SSE2Fast SSSE3 SSE4.2 AVX FMA3 BMI2 AVX2 AVX512
x264 [info]: profile Main, level 4.0, 4:2:0, 8-bit
[07:19:10] sync: first pts video is 0
[07:19:10] sync: Chapter 1 at frame 1 time 0
[07:19:11] reader: done. 1 scr changes
[07:19:11] work: average encoding speed for job is 0,000000 fps
[07:19:11] comb detect: heavy 5 | light 4 | uncombed 1397 | total 1406
[07:19:11] decomb: deinterlaced 5 | blended 4 | unfiltered 1397 | total 1406
[07:19:11] vfr: 660 frames output, 746 dropped and 0 duped for CFR/PFR
[07:19:11] vfr: lost time: 0 (0 frames)
[07:19:11] vfr: gained time: 0 (0 frames) (0 not accounted for)
[07:19:11] h264-decoder done: 1406 frames, 0 decoder errors
[07:19:11] sync: got 1406 frames, 1406 expected
[07:19:11] sync: framerate min 44,732 fps, max 60,046 fps, avg 60,004 fps
x264 [info]: frame I:3     Avg QP:15,11  size:  7550
x264 [info]: frame P:219   Avg QP:18,94  size:   770
x264 [info]: frame B:438   Avg QP:22,75  size:    86
x264 [info]: consecutive B-frames:  8,5%  6,1%  9,1% 76,4%
x264 [info]: mb I  I16..4: 72,3%  0,0% 27,7%
x264 [info]: mb P  I16..4:  7,3%  0,0%  0,9%  P16..4:  4,8%  0,7%  0,4%  0,0%  0,0%    skip:85,8%
x264 [info]: mb B  I16..4:  0,4%  0,0%  0,0%  B16..8:  1,1%  0,2%  0,0%  direct: 0,4%  skip:97,9%  L0:36,0% L1:61,0% BI: 3,0%
x264 [info]: coded y,uvDC,uvAC intra: 9,1% 17,0% 6,8% inter: 0,4% 1,1% 0,1%
x264 [info]: i16 v,h,dc,p: 58% 40%  1%  1%
x264 [info]: i4 v,h,dc,ddl,ddr,vr,hd,vl,hu: 28% 36% 22%  3%  4%  2%  2%  2%  2%
x264 [info]: i8c dc,h,v,p: 55% 30% 14%  1%
x264 [info]: Weighted P-Frames: Y:3,2% UV:0,9%
x264 [info]: ref P L0: 79,5% 20,5%
x264 [info]: ref B L0: 85,7% 14,3%
x264 [info]: ref B L1: 96,3%  3,7%
x264 [info]: kb/s:78,13
[07:19:11] mux: track 0, 660 frames, 228834 bytes, 78,01 kbps, fifo 1024
[07:19:11] Finished work at: Tue Jan 20 07:19:11 2026

[07:19:11] libhb: work result = 0
